Archive member included to satisfy reference by file (symbol)

c:/users/umokashi/.platformio/packages/toolchain-gccarmnoneeabi/bin/../lib/gcc/arm-none-eabi/7.2.1/../../../../arm-none-eabi/lib/thumb/v7e-m\libc_nano.a(lib_a-exit.o)
                              c:/users/umokashi/.platformio/packages/toolchain-gccarmnoneeabi/bin/../lib/gcc/arm-none-eabi/7.2.1/../../../../arm-none-eabi/lib/thumb/v7e-m/crt0.o (exit)
c:/users/umokashi/.platformio/packages/toolchain-gccarmnoneeabi/bin/../lib/gcc/arm-none-eabi/7.2.1/../../../../arm-none-eabi/lib/thumb/v7e-m\libc_nano.a(lib_a-impure.o)
                              c:/users/umokashi/.platformio/packages/toolchain-gccarmnoneeabi/bin/../lib/gcc/arm-none-eabi/7.2.1/../../../../arm-none-eabi/lib/thumb/v7e-m\libc_nano.a(lib_a-exit.o) (_global_impure_ptr)
c:/users/umokashi/.platformio/packages/toolchain-gccarmnoneeabi/bin/../lib/gcc/arm-none-eabi/7.2.1/../../../../arm-none-eabi/lib/thumb/v7e-m\libc_nano.a(lib_a-init.o)
                              c:/users/umokashi/.platformio/packages/toolchain-gccarmnoneeabi/bin/../lib/gcc/arm-none-eabi/7.2.1/../../../../arm-none-eabi/lib/thumb/v7e-m/crt0.o (__libc_init_array)
c:/users/umokashi/.platformio/packages/toolchain-gccarmnoneeabi/bin/../lib/gcc/arm-none-eabi/7.2.1/../../../../arm-none-eabi/lib/thumb/v7e-m\libc_nano.a(lib_a-memset.o)
                              c:/users/umokashi/.platformio/packages/toolchain-gccarmnoneeabi/bin/../lib/gcc/arm-none-eabi/7.2.1/../../../../arm-none-eabi/lib/thumb/v7e-m/crt0.o (memset)
c:/users/umokashi/.platformio/packages/toolchain-gccarmnoneeabi/bin/../lib/gcc/arm-none-eabi/7.2.1/thumb/v7e-m\libgcc.a(_aeabi_ldivmod.o)
                              .pio\build\disco_f429zi\FrameworkHALDriver\Src\stm32f4xx_hal_irda.o (__aeabi_ldivmod)
c:/users/umokashi/.platformio/packages/toolchain-gccarmnoneeabi/bin/../lib/gcc/arm-none-eabi/7.2.1/thumb/v7e-m\libgcc.a(_aeabi_uldivmod.o)
                              .pio\build\disco_f429zi\FrameworkHALDriver\Src\stm32f4xx_hal_irda.o (__aeabi_uldivmod)
c:/users/umokashi/.platformio/packages/toolchain-gccarmnoneeabi/bin/../lib/gcc/arm-none-eabi/7.2.1/thumb/v7e-m\libgcc.a(_udivmoddi4.o)
                              c:/users/umokashi/.platformio/packages/toolchain-gccarmnoneeabi/bin/../lib/gcc/arm-none-eabi/7.2.1/thumb/v7e-m\libgcc.a(_aeabi_ldivmod.o) (__udivmoddi4)
c:/users/umokashi/.platformio/packages/toolchain-gccarmnoneeabi/bin/../lib/gcc/arm-none-eabi/7.2.1/thumb/v7e-m\libgcc.a(_dvmd_tls.o)
                              c:/users/umokashi/.platformio/packages/toolchain-gccarmnoneeabi/bin/../lib/gcc/arm-none-eabi/7.2.1/thumb/v7e-m\libgcc.a(_aeabi_ldivmod.o) (__aeabi_ldiv0)
c:/users/umokashi/.platformio/packages/toolchain-gccarmnoneeabi/bin/../lib/gcc/arm-none-eabi/7.2.1/../../../../arm-none-eabi/lib/thumb/v7e-m\libnosys.a(_exit.o)
                              c:/users/umokashi/.platformio/packages/toolchain-gccarmnoneeabi/bin/../lib/gcc/arm-none-eabi/7.2.1/../../../../arm-none-eabi/lib/thumb/v7e-m\libc_nano.a(lib_a-exit.o) (_exit)
.pio\build\disco_f429zi\libFrameworkCMSISDevice.a(startup_stm32f429xx.o)
                              (Reset_Handler)
.pio\build\disco_f429zi\libFrameworkCMSISDevice.a(system_stm32f4xx.o)
                              .pio\build\disco_f429zi\libFrameworkCMSISDevice.a(startup_stm32f429xx.o) (SystemInit)

Allocating common symbols
Common symbol       size              file

uwTick              0x4               .pio\build\disco_f429zi\FrameworkHALDriver\Src\stm32f4xx_hal.o
pFlash              0x20              .pio\build\disco_f429zi\FrameworkHALDriver\Src\stm32f4xx_hal_flash.o

Discarded input sections

 .text          0x00000000        0x0 c:/users/umokashi/.platformio/packages/toolchain-gccarmnoneeabi/bin/../lib/gcc/arm-none-eabi/7.2.1/thumb/v7e-m/crti.o
 .data          0x00000000        0x0 c:/users/umokashi/.platformio/packages/toolchain-gccarmnoneeabi/bin/../lib/gcc/arm-none-eabi/7.2.1/thumb/v7e-m/crti.o
 .bss           0x00000000        0x0 c:/users/umokashi/.platformio/packages/toolchain-gccarmnoneeabi/bin/../lib/gcc/arm-none-eabi/7.2.1/thumb/v7e-m/crti.o
 .data          0x00000000        0x4 c:/users/umokashi/.platformio/packages/toolchain-gccarmnoneeabi/bin/../lib/gcc/arm-none-eabi/7.2.1/thumb/v7e-m/crtbegin.o
 .text          0x00000000       0x74 c:/users/umokashi/.platformio/packages/toolchain-gccarmnoneeabi/bin/../lib/gcc/arm-none-eabi/7.2.1/../../../../arm-none-eabi/lib/thumb/v7e-m/crt0.o
 .data          0x00000000        0x0 c:/users/umokashi/.platformio/packages/toolchain-gccarmnoneeabi/bin/../lib/gcc/arm-none-eabi/7.2.1/../../../../arm-none-eabi/lib/thumb/v7e-m/crt0.o
 .bss           0x00000000        0x0 c:/users/umokashi/.platformio/packages/toolchain-gccarmnoneeabi/bin/../lib/gcc/arm-none-eabi/7.2.1/../../../../arm-none-eabi/lib/thumb/v7e-m/crt0.o
[...]
Memory Configuration

Name             Origin             Length             Attributes
CCMRAM           0x10000000         0x00010000         xrw
RAM              0x20000000         0x00030000         xrw
FLASH            0x08000000         0x00200000         xr
*default*        0x00000000         0xffffffff

Linker script and memory map

LOAD c:/users/umokashi/.platformio/packages/toolchain-gccarmnoneeabi/bin/../lib/gcc/arm-none-eabi/7.2.1/thumb/v7e-m/crti.o
LOAD c:/users/umokashi/.platformio/packages/toolchain-gccarmnoneeabi/bin/../lib/gcc/arm-none-eabi/7.2.1/thumb/v7e-m/crtbegin.o
LOAD c:/users/umokashi/.platformio/packages/toolchain-gccarmnoneeabi/bin/../lib/gcc/arm-none-eabi/7.2.1/../../../../arm-none-eabi/lib/thumb/v7e-m/crt0.o
LOAD .pio\build\disco_f429zi\FrameworkHALDriver\Src\stm32f4xx_hal.o
LOAD .pio\build\disco_f429zi\FrameworkHALDriver\Src\stm32f4xx_hal_adc.o
LOAD .pio\build\disco_f429zi\FrameworkHALDriver\Src\stm32f4xx_hal_adc_ex.o
LOAD .pio\build\disco_f429zi\FrameworkHALDriver\Src\stm32f4xx_hal_can.o
LOAD .pio\build\disco_f429zi\FrameworkHALDriver\Src\stm32f4xx_hal_cec.o
LOAD .pio\build\disco_f429zi\FrameworkHALDriver\Src\stm32f4xx_hal_cortex.o
LOAD .pio\build\disco_f429zi\FrameworkHALDriver\Src\stm32f4xx_hal_crc.o
LOAD .pio\build\disco_f429zi\FrameworkHALDriver\Src\stm32f4xx_hal_cryp.o
LOAD .pio\build\disco_f429zi\FrameworkHALDriver\Src\stm32f4xx_hal_cryp_ex.o
LOAD .pio\build\disco_f429zi\FrameworkHALDriver\Src\stm32f4xx_hal_dac.o
LOAD .pio\build\disco_f429zi\FrameworkHALDriver\Src\stm32f4xx_hal_dac_ex.o
LOAD .pio\build\disco_f429zi\FrameworkHALDriver\Src\stm32f4xx_hal_dcmi.o
LOAD .pio\build\disco_f429zi\FrameworkHALDriver\Src\stm32f4xx_hal_dcmi_ex.o
LOAD .pio\build\disco_f429zi\FrameworkHALDriver\Src\stm32f4xx_hal_dfsdm.o
LOAD .pio\build\disco_f429zi\FrameworkHALDriver\Src\stm32f4xx_hal_dma.o
LOAD .pio\build\disco_f429zi\FrameworkHALDriver\Src\stm32f4xx_hal_dma2d.o
LOAD .pio\build\disco_f429zi\FrameworkHALDriver\Src\stm32f4xx_hal_dma_ex.o
LOAD .pio\build\disco_f429zi\FrameworkHALDriver\Src\stm32f4xx_hal_dsi.o
LOAD .pio\build\disco_f429zi\FrameworkHALDriver\Src\stm32f4xx_hal_eth.o
LOAD .pio\build\disco_f429zi\FrameworkHALDriver\Src\stm32f4xx_hal_exti.o
LOAD .pio\build\disco_f429zi\FrameworkHALDriver\Src\stm32f4xx_hal_flash.o
LOAD .pio\build\disco_f429zi\FrameworkHALDriver\Src\stm32f4xx_hal_flash_ex.o
LOAD .pio\build\disco_f429zi\FrameworkHALDriver\Src\stm32f4xx_hal_flash_ramfunc.o
LOAD .pio\build\disco_f429zi\FrameworkHALDriver\Src\stm32f4xx_hal_fmpi2c.o
LOAD .pio\build\disco_f429zi\FrameworkHALDriver\Src\stm32f4xx_hal_fmpi2c_ex.o
LOAD .pio\build\disco_f429zi\FrameworkHALDriver\Src\stm32f4xx_hal_fmpsmbus.o
LOAD .pio\build\disco_f429zi\FrameworkHALDriver\Src\stm32f4xx_hal_fmpsmbus_ex.o
LOAD .pio\build\disco_f429zi\FrameworkHALDriver\Src\stm32f4xx_hal_gpio.o
LOAD .pio\build\disco_f429zi\FrameworkHALDriver\Src\stm32f4xx_hal_hash.o
LOAD .pio\build\disco_f429zi\FrameworkHALDriver\Src\stm32f4xx_hal_hash_ex.o
LOAD .pio\build\disco_f429zi\FrameworkHALDriver\Src\stm32f4xx_hal_hcd.o
LOAD .pio\build\disco_f429zi\FrameworkHALDriver\Src\stm32f4xx_hal_i2c.o
LOAD .pio\build\disco_f429zi\FrameworkHALDriver\Src\stm32f4xx_hal_i2c_ex.o
LOAD .pio\build\disco_f429zi\FrameworkHALDriver\Src\stm32f4xx_hal_i2s.o
LOAD .pio\build\disco_f429zi\FrameworkHALDriver\Src\stm32f4xx_hal_i2s_ex.o
LOAD .pio\build\disco_f429zi\FrameworkHALDriver\Src\stm32f4xx_hal_irda.o
LOAD .pio\build\disco_f429zi\FrameworkHALDriver\Src\stm32f4xx_hal_iwdg.o
LOAD .pio\build\disco_f429zi\FrameworkHALDriver\Src\stm32f4xx_hal_lptim.o
LOAD .pio\build\disco_f429zi\FrameworkHALDriver\Src\stm32f4xx_hal_ltdc.o
LOAD .pio\build\disco_f429zi\FrameworkHALDriver\Src\stm32f4xx_hal_ltdc_ex.o
LOAD .pio\build\disco_f429zi\FrameworkHALDriver\Src\stm32f4xx_hal_mmc.o
LOAD .pio\build\disco_f429zi\FrameworkHALDriver\Src\stm32f4xx_hal_nand.o
LOAD .pio\build\disco_f429zi\FrameworkHALDriver\Src\stm32f4xx_hal_nor.o
LOAD .pio\build\disco_f429zi\FrameworkHALDriver\Src\stm32f4xx_hal_pccard.o
LOAD .pio\build\disco_f429zi\FrameworkHALDriver\Src\stm32f4xx_hal_pcd.o
LOAD .pio\build\disco_f429zi\FrameworkHALDriver\Src\stm32f4xx_hal_pcd_ex.o
LOAD .pio\build\disco_f429zi\FrameworkHALDriver\Src\stm32f4xx_hal_pwr.o
LOAD .pio\build\disco_f429zi\FrameworkHALDriver\Src\stm32f4xx_hal_pwr_ex.o
LOAD .pio\build\disco_f429zi\FrameworkHALDriver\Src\stm32f4xx_hal_qspi.o
LOAD .pio\build\disco_f429zi\FrameworkHALDriver\Src\stm32f4xx_hal_rcc.o
LOAD .pio\build\disco_f429zi\FrameworkHALDriver\Src\stm32f4xx_hal_rcc_ex.o
LOAD .pio\build\disco_f429zi\FrameworkHALDriver\Src\stm32f4xx_hal_rng.o
LOAD .pio\build\disco_f429zi\FrameworkHALDriver\Src\stm32f4xx_hal_rtc.o
LOAD .pio\build\disco_f429zi\FrameworkHALDriver\Src\stm32f4xx_hal_rtc_ex.o
LOAD .pio\build\disco_f429zi\FrameworkHALDriver\Src\stm32f4xx_hal_sai.o
LOAD .pio\build\disco_f429zi\FrameworkHALDriver\Src\stm32f4xx_hal_sai_ex.o
LOAD .pio\build\disco_f429zi\FrameworkHALDriver\Src\stm32f4xx_hal_sd.o
LOAD .pio\build\disco_f429zi\FrameworkHALDriver\Src\stm32f4xx_hal_sdram.o
LOAD .pio\build\disco_f429zi\FrameworkHALDriver\Src\stm32f4xx_hal_smartcard.o
LOAD .pio\build\disco_f429zi\FrameworkHALDriver\Src\stm32f4xx_hal_smbus.o
LOAD .pio\build\disco_f429zi\FrameworkHALDriver\Src\stm32f4xx_hal_spdifrx.o
LOAD .pio\build\disco_f429zi\FrameworkHALDriver\Src\stm32f4xx_hal_spi.o
LOAD .pio\build\disco_f429zi\FrameworkHALDriver\Src\stm32f4xx_hal_sram.o
LOAD .pio\build\disco_f429zi\FrameworkHALDriver\Src\stm32f4xx_hal_tim.o
LOAD .pio\build\disco_f429zi\FrameworkHALDriver\Src\stm32f4xx_hal_tim_ex.o
LOAD .pio\build\disco_f429zi\FrameworkHALDriver\Src\stm32f4xx_hal_uart.o
LOAD .pio\build\disco_f429zi\FrameworkHALDriver\Src\stm32f4xx_hal_usart.o
LOAD .pio\build\disco_f429zi\FrameworkHALDriver\Src\stm32f4xx_hal_wwdg.o
LOAD .pio\build\disco_f429zi\FrameworkHALDriver\Src\stm32f4xx_ll_adc.o
LOAD .pio\build\disco_f429zi\FrameworkHALDriver\Src\stm32f4xx_ll_crc.o
LOAD .pio\build\disco_f429zi\FrameworkHALDriver\Src\stm32f4xx_ll_dac.o
LOAD .pio\build\disco_f429zi\FrameworkHALDriver\Src\stm32f4xx_ll_dma.o
LOAD .pio\build\disco_f429zi\FrameworkHALDriver\Src\stm32f4xx_ll_dma2d.o
LOAD .pio\build\disco_f429zi\FrameworkHALDriver\Src\stm32f4xx_ll_exti.o
LOAD .pio\build\disco_f429zi\FrameworkHALDriver\Src\stm32f4xx_ll_fmc.o
LOAD .pio\build\disco_f429zi\FrameworkHALDriver\Src\stm32f4xx_ll_fmpi2c.o
LOAD .pio\build\disco_f429zi\FrameworkHALDriver\Src\stm32f4xx_ll_fsmc.o
LOAD .pio\build\disco_f429zi\FrameworkHALDriver\Src\stm32f4xx_ll_gpio.o
LOAD .pio\build\disco_f429zi\FrameworkHALDriver\Src\stm32f4xx_ll_i2c.o
LOAD .pio\build\disco_f429zi\FrameworkHALDriver\Src\stm32f4xx_ll_lptim.o
LOAD .pio\build\disco_f429zi\FrameworkHALDriver\Src\stm32f4xx_ll_pwr.o
LOAD .pio\build\disco_f429zi\FrameworkHALDriver\Src\stm32f4xx_ll_rcc.o
LOAD .pio\build\disco_f429zi\FrameworkHALDriver\Src\stm32f4xx_ll_rng.o
LOAD .pio\build\disco_f429zi\FrameworkHALDriver\Src\stm32f4xx_ll_rtc.o
LOAD .pio\build\disco_f429zi\FrameworkHALDriver\Src\stm32f4xx_ll_sdmmc.o
LOAD .pio\build\disco_f429zi\FrameworkHALDriver\Src\stm32f4xx_ll_spi.o
LOAD .pio\build\disco_f429zi\FrameworkHALDriver\Src\stm32f4xx_ll_tim.o
LOAD .pio\build\disco_f429zi\FrameworkHALDriver\Src\stm32f4xx_ll_usart.o
LOAD .pio\build\disco_f429zi\FrameworkHALDriver\Src\stm32f4xx_ll_usb.o
LOAD .pio\build\disco_f429zi\FrameworkHALDriver\Src\stm32f4xx_ll_utils.o
LOAD .pio\build\disco_f429zi\src\main.o
START GROUP
LOAD c:/users/umokashi/.platformio/packages/toolchain-gccarmnoneeabi/bin/../lib/gcc/arm-none-eabi/7.2.1/../../../../arm-none-eabi/lib/thumb/v7e-m\libc_nano.a
LOAD c:/users/umokashi/.platformio/packages/toolchain-gccarmnoneeabi/bin/../lib/gcc/arm-none-eabi/7.2.1/thumb/v7e-m\libgcc.a
LOAD c:/users/umokashi/.platformio/packages/toolchain-gccarmnoneeabi/bin/../lib/gcc/arm-none-eabi/7.2.1/../../../../arm-none-eabi/lib/thumb/v7e-m\libm.a
LOAD c:/users/umokashi/.platformio/packages/toolchain-gccarmnoneeabi/bin/../lib/gcc/arm-none-eabi/7.2.1/../../../../arm-none-eabi/lib/thumb/v7e-m\libstdc++_nano.a
LOAD c:/users/umokashi/.platformio/packages/toolchain-gccarmnoneeabi/bin/../lib/gcc/arm-none-eabi/7.2.1/../../../../arm-none-eabi/lib/thumb/v7e-m\libnosys.a
LOAD .pio\build\disco_f429zi\libFrameworkCMSISDevice.a
END GROUP
START GROUP
LOAD c:/users/umokashi/.platformio/packages/toolchain-gccarmnoneeabi/bin/../lib/gcc/arm-none-eabi/7.2.1/thumb/v7e-m\libgcc.a
LOAD c:/users/umokashi/.platformio/packages/toolchain-gccarmnoneeabi/bin/../lib/gcc/arm-none-eabi/7.2.1/../../../../arm-none-eabi/lib/thumb/v7e-m\libc_nano.a
END GROUP
START GROUP
LOAD c:/users/umokashi/.platformio/packages/toolchain-gccarmnoneeabi/bin/../lib/gcc/arm-none-eabi/7.2.1/thumb/v7e-m\libgcc.a
LOAD c:/users/umokashi/.platformio/packages/toolchain-gccarmnoneeabi/bin/../lib/gcc/arm-none-eabi/7.2.1/../../../../arm-none-eabi/lib/thumb/v7e-m\libc_nano.a
LOAD c:/users/umokashi/.platformio/packages/toolchain-gccarmnoneeabi/bin/../lib/gcc/arm-none-eabi/7.2.1/../../../../arm-none-eabi/lib/thumb/v7e-m\libnosys.a
END GROUP
START GROUP
LOAD c:/users/umokashi/.platformio/packages/toolchain-gccarmnoneeabi/bin/../lib/gcc/arm-none-eabi/7.2.1/thumb/v7e-m\libgcc.a
LOAD c:/users/umokashi/.platformio/packages/toolchain-gccarmnoneeabi/bin/../lib/gcc/arm-none-eabi/7.2.1/../../../../arm-none-eabi/lib/thumb/v7e-m\libc_nano.a
LOAD c:/users/umokashi/.platformio/packages/toolchain-gccarmnoneeabi/bin/../lib/gcc/arm-none-eabi/7.2.1/../../../../arm-none-eabi/lib/thumb/v7e-m\libnosys.a
END GROUP
LOAD c:/users/umokashi/.platformio/packages/toolchain-gccarmnoneeabi/bin/../lib/gcc/arm-none-eabi/7.2.1/thumb/v7e-m/crtend.o
LOAD c:/users/umokashi/.platformio/packages/toolchain-gccarmnoneeabi/bin/../lib/gcc/arm-none-eabi/7.2.1/thumb/v7e-m/crtn.o
                0x20030000                _estack = (ORIGIN (RAM) + LENGTH (RAM))
                0x00000200                _Min_Heap_Size = 0x200
                0x00000400                _Min_Stack_Size = 0x400

.isr_vector     0x08000000      0x1ac
                0x08000000                . = ALIGN (0x4)
 *(.isr_vector)
 .isr_vector    0x08000000      0x1ac .pio\build\disco_f429zi\libFrameworkCMSISDevice.a(startup_stm32f429xx.o)
                0x08000000                g_pfnVectors
                0x080001ac                . = ALIGN (0x4)

.text           0x080001ac      0x12c
                0x080001ac                . = ALIGN (0x4)
 *(.text)
 .text          0x080001ac       0x40 c:/users/umokashi/.platformio/packages/toolchain-gccarmnoneeabi/bin/../lib/gcc/arm-none-eabi/7.2.1/thumb/v7e-m/crtbegin.o
 *(.text*)
 .text.countSetBits
                0x080001ec       0x24 .pio\build\disco_f429zi\src\main.o
                0x080001ec                countSetBits
 .text.startup.main
                0x08000210       0x14 .pio\build\disco_f429zi\src\main.o
                0x08000210                main
 .text.__libc_init_array
                0x08000224       0x48 c:/users/umokashi/.platformio/packages/toolchain-gccarmnoneeabi/bin/../lib/gcc/arm-none-eabi/7.2.1/../../../../arm-none-eabi/lib/thumb/v7e-m\libc_nano.a(lib_a-init.o)
                0x08000224                __libc_init_array
 .text.Reset_Handler
                0x0800026c       0x50 .pio\build\disco_f429zi\libFrameworkCMSISDevice.a(startup_stm32f429xx.o)
                0x0800026c                Reset_Handler
 .text.Default_Handler
                0x080002bc        0x2 .pio\build\disco_f429zi\libFrameworkCMSISDevice.a(startup_stm32f429xx.o)
                0x080002bc                RTC_Alarm_IRQHandler
                0x080002bc                HASH_RNG_IRQHandler
                0x080002bc                EXTI2_IRQHandler
                0x080002bc                TIM8_CC_IRQHandler
                0x080002bc                DebugMon_Handler
                0x080002bc                UART8_IRQHandler
                0x080002bc                SPI4_IRQHandler
                0x080002bc                TIM1_CC_IRQHandler
                0x080002bc                DMA2_Stream5_IRQHandler
                0x080002bc                HardFault_Handler
                0x080002bc                DMA1_Stream5_IRQHandler
                0x080002bc                SysTick_Handler
                0x080002bc                PVD_IRQHandler
                0x080002bc                SDIO_IRQHandler
                0x080002bc                TAMP_STAMP_IRQHandler
                0x080002bc                PendSV_Handler
                0x080002bc                NMI_Handler
                0x080002bc                CAN2_RX1_IRQHandler
                0x080002bc                EXTI3_IRQHandler
                0x080002bc                TIM8_TRG_COM_TIM14_IRQHandler
                0x080002bc                TIM1_UP_TIM10_IRQHandler
                0x080002bc                TIM8_UP_TIM13_IRQHandler
                0x080002bc                I2C3_ER_IRQHandler
                0x080002bc                EXTI0_IRQHandler
                0x080002bc                I2C2_EV_IRQHandler
                0x080002bc                DMA1_Stream2_IRQHandler
                0x080002bc                CAN1_RX0_IRQHandler
                0x080002bc                FPU_IRQHandler
                0x080002bc                OTG_HS_WKUP_IRQHandler
                0x080002bc                UsageFault_Handler
                0x080002bc                LTDC_ER_IRQHandler
                0x080002bc                CAN2_SCE_IRQHandler
                0x080002bc                DMA2_Stream2_IRQHandler
                0x080002bc                SPI1_IRQHandler
                0x080002bc                TIM6_DAC_IRQHandler
                0x080002bc                TIM1_BRK_TIM9_IRQHandler
                0x080002bc                DCMI_IRQHandler
                0x080002bc                CAN2_RX0_IRQHandler
                0x080002bc                DMA2_Stream3_IRQHandler
                0x080002bc                USART6_IRQHandler
                0x080002bc                USART3_IRQHandler
                0x080002bc                CAN1_RX1_IRQHandler
                0x080002bc                UART5_IRQHandler
                0x080002bc                DMA2_Stream0_IRQHandler
                0x080002bc                TIM4_IRQHandler
                0x080002bc                I2C1_EV_IRQHandler
                0x080002bc                DMA1_Stream6_IRQHandler
                0x080002bc                DMA1_Stream1_IRQHandler
                0x080002bc                UART4_IRQHandler
                0x080002bc                TIM3_IRQHandler
                0x080002bc                RCC_IRQHandler
                0x080002bc                TIM8_BRK_TIM12_IRQHandler
                0x080002bc                Default_Handler
                0x080002bc                EXTI15_10_IRQHandler
                0x080002bc                ADC_IRQHandler
                0x080002bc                DMA1_Stream7_IRQHandler
                0x080002bc                SPI5_IRQHandler
                0x080002bc                TIM7_IRQHandler
                0x080002bc                CAN2_TX_IRQHandler
                0x080002bc                TIM5_IRQHandler
                0x080002bc                DMA2_Stream7_IRQHandler
                0x080002bc                I2C3_EV_IRQHandler
                0x080002bc                EXTI9_5_IRQHandler
                0x080002bc                RTC_WKUP_IRQHandler
                0x080002bc                LTDC_IRQHandler
                0x080002bc                ETH_WKUP_IRQHandler
                0x080002bc                SPI2_IRQHandler
                0x080002bc                OTG_HS_EP1_IN_IRQHandler
                0x080002bc                MemManage_Handler
                0x080002bc                DMA1_Stream0_IRQHandler
                0x080002bc                CAN1_TX_IRQHandler
                0x080002bc                SVC_Handler
                0x080002bc                EXTI4_IRQHandler
                0x080002bc                ETH_IRQHandler
                0x080002bc                OTG_HS_EP1_OUT_IRQHandler
                0x080002bc                WWDG_IRQHandler
                0x080002bc                SPI6_IRQHandler
                0x080002bc                TIM2_IRQHandler
                0x080002bc                OTG_FS_WKUP_IRQHandler
                0x080002bc                TIM1_TRG_COM_TIM11_IRQHandler
                0x080002bc                OTG_HS_IRQHandler
                0x080002bc                DMA2D_IRQHandler
                0x080002bc                EXTI1_IRQHandler
                0x080002bc                UART7_IRQHandler
                0x080002bc                USART2_IRQHandler
                0x080002bc                I2C2_ER_IRQHandler
                0x080002bc                DMA2_Stream1_IRQHandler
                0x080002bc                CAN1_SCE_IRQHandler
                0x080002bc                FLASH_IRQHandler
                0x080002bc                DMA2_Stream4_IRQHandler
                0x080002bc                BusFault_Handler
                0x080002bc                USART1_IRQHandler
                0x080002bc                OTG_FS_IRQHandler
                0x080002bc                SPI3_IRQHandler
                0x080002bc                DMA1_Stream4_IRQHandler
                0x080002bc                I2C1_ER_IRQHandler
                0x080002bc                FMC_IRQHandler
                0x080002bc                DMA2_Stream6_IRQHandler
                0x080002bc                SAI1_IRQHandler
                0x080002bc                DMA1_Stream3_IRQHandler
 .text.SystemInit
                0x080002be        0x2 .pio\build\disco_f429zi\libFrameworkCMSISDevice.a(system_stm32f4xx.o)
                0x080002be                SystemInit
 *(.glue_7)
 .glue_7        0x080002c0        0x0 linker stubs
 *(.glue_7t)
 .glue_7t       0x080002c0        0x0 linker stubs
 *(.eh_frame)
 .eh_frame      0x080002c0        0x0 c:/users/umokashi/.platformio/packages/toolchain-gccarmnoneeabi/bin/../lib/gcc/arm-none-eabi/7.2.1/thumb/v7e-m/crtbegin.o
 *(.init)
 .init          0x080002c0        0x4 c:/users/umokashi/.platformio/packages/toolchain-gccarmnoneeabi/bin/../lib/gcc/arm-none-eabi/7.2.1/thumb/v7e-m/crti.o
                0x080002c0                _init
 .init          0x080002c4        0x8 c:/users/umokashi/.platformio/packages/toolchain-gccarmnoneeabi/bin/../lib/gcc/arm-none-eabi/7.2.1/thumb/v7e-m/crtn.o
 *(.fini)
 .fini          0x080002cc        0x4 c:/users/umokashi/.platformio/packages/toolchain-gccarmnoneeabi/bin/../lib/gcc/arm-none-eabi/7.2.1/thumb/v7e-m/crti.o
                0x080002cc                _fini
 .fini          0x080002d0        0x8 c:/users/umokashi/.platformio/packages/toolchain-gccarmnoneeabi/bin/../lib/gcc/arm-none-eabi/7.2.1/thumb/v7e-m/crtn.o
                0x080002d8                . = ALIGN (0x4)
                0x080002d8                _etext = .

.vfp11_veneer   0x080002d8        0x0
 .vfp11_veneer  0x080002d8        0x0 linker stubs

.v4_bx          0x080002d8        0x0
 .v4_bx         0x080002d8        0x0 linker stubs

.iplt           0x080002d8        0x0
 .iplt          0x080002d8        0x0 c:/users/umokashi/.platformio/packages/toolchain-gccarmnoneeabi/bin/../lib/gcc/arm-none-eabi/7.2.1/thumb/v7e-m/crtbegin.o

.rodata         0x080002d8      0x100
                0x080002d8                . = ALIGN (0x4)
 *(.rodata)
 *(.rodata*)
 .rodata.lut    0x080002d8      0x100 .pio\build\disco_f429zi\src\main.o
                0x080003d8                . = ALIGN (0x4)

.rel.dyn        0x080003d8        0x0
 .rel.iplt      0x080003d8        0x0 c:/users/umokashi/.platformio/packages/toolchain-gccarmnoneeabi/bin/../lib/gcc/arm-none-eabi/7.2.1/thumb/v7e-m/crtbegin.o

.ARM.extab      0x080003d8        0x0
                0x080003d8                . = ALIGN (0x4)
 *(.ARM.extab* .gnu.linkonce.armextab.*)
                0x080003d8                . = ALIGN (0x4)

.ARM            0x080003d8        0x0
                0x080003d8                . = ALIGN (0x4)
                0x080003d8                __exidx_start = .
 *(.ARM.exidx*)
                0x080003d8                __exidx_end = .
                0x080003d8                . = ALIGN (0x4)

.preinit_array  0x080003d8        0x0
                0x080003d8                . = ALIGN (0x4)
                0x080003d8                PROVIDE (__preinit_array_start, .)
 *(.preinit_array*)
                0x080003d8                PROVIDE (__preinit_array_end, .)
                0x080003d8                . = ALIGN (0x4)

.init_array     0x080003d8        0x4
                0x080003d8                . = ALIGN (0x4)
                0x080003d8                PROVIDE (__init_array_start, .)
 *(SORT_BY_NAME(.init_array.*))
 *(.init_array*)
 .init_array    0x080003d8        0x4 c:/users/umokashi/.platformio/packages/toolchain-gccarmnoneeabi/bin/../lib/gcc/arm-none-eabi/7.2.1/thumb/v7e-m/crtbegin.o
                0x080003dc                PROVIDE (__init_array_end, .)
                0x080003dc                . = ALIGN (0x4)

.fini_array     0x080003dc        0x4
                0x080003dc                . = ALIGN (0x4)
                [!provide]                PROVIDE (__fini_array_start, .)
 *(SORT_BY_NAME(.fini_array.*))
 *(.fini_array*)
 .fini_array    0x080003dc        0x4 c:/users/umokashi/.platformio/packages/toolchain-gccarmnoneeabi/bin/../lib/gcc/arm-none-eabi/7.2.1/thumb/v7e-m/crtbegin.o
                [!provide]                PROVIDE (__fini_array_end, .)
                0x080003e0                . = ALIGN (0x4)
                0x080003e0                . = ALIGN (0x4)

.bss            0x20000000       0x1c
                0x20000000                _sbss = .
                0x20000000                __bss_start__ = _sbss
 *(.bss)
 .bss           0x20000000       0x1c c:/users/umokashi/.platformio/packages/toolchain-gccarmnoneeabi/bin/../lib/gcc/arm-none-eabi/7.2.1/thumb/v7e-m/crtbegin.o
 *(.bss*)
                0x2000001c                . = ALIGN (0x4)
                0x2000001c                _ebss = .
                0x2000001c                __bss_end__ = _ebss
                0x080003e0                _sidata = LOADADDR (.data)

.data           0x2000001c        0x0 load address 0x080003e0
                0x2000001c                . = ALIGN (0x4)
                0x2000001c                _sdata = .
 *(.data)
 *(.data*)
                0x2000001c                . = ALIGN (0x4)
                0x2000001c                _edata = .

.igot.plt       0x2000001c        0x0 load address 0x080003e0
 .igot.plt      0x2000001c        0x0 c:/users/umokashi/.platformio/packages/toolchain-gccarmnoneeabi/bin/../lib/gcc/arm-none-eabi/7.2.1/thumb/v7e-m/crtbegin.o

._user_heap_stack
                0x2000001c      0x604 load address 0x080003e0
                0x20000020                . = ALIGN (0x8)
 *fill*         0x2000001c        0x4 
                [!provide]                PROVIDE (end, .)
                [!provide]                PROVIDE (_end, .)
                0x20000220                . = (. + _Min_Heap_Size)
 *fill*         0x20000020      0x200 
                0x20000620                . = (. + _Min_Stack_Size)
 *fill*         0x20000220      0x400 
                0x20000620                . = ALIGN (0x8)

/DISCARD/
 libc.a(*)
 libm.a(*)
 libgcc.a(*)

.ARM.attributes
                0x00000000       0x2a
 *(.ARM.attributes)
 .ARM.attributes
                0x00000000       0x1e c:/users/umokashi/.platformio/packages/toolchain-gccarmnoneeabi/bin/../lib/gcc/arm-none-eabi/7.2.1/thumb/v7e-m/crti.o
 .ARM.attributes
                0x0000001e       0x2e c:/users/umokashi/.platformio/packages/toolchain-gccarmnoneeabi/bin/../lib/gcc/arm-none-eabi/7.2.1/thumb/v7e-m/crtbegin.o
 .ARM.attributes
                0x0000004c       0x33 .pio\build\disco_f429zi\src\main.o
 .ARM.attributes
                0x0000007f       0x2e c:/users/umokashi/.platformio/packages/toolchain-gccarmnoneeabi/bin/../lib/gcc/arm-none-eabi/7.2.1/../../../../arm-none-eabi/lib/thumb/v7e-m\libc_nano.a(lib_a-init.o)
 .ARM.attributes
                0x000000ad       0x21 .pio\build\disco_f429zi\libFrameworkCMSISDevice.a(startup_stm32f429xx.o)
 .ARM.attributes
                0x000000ce       0x33 .pio\build\disco_f429zi\libFrameworkCMSISDevice.a(system_stm32f4xx.o)
 .ARM.attributes
                0x00000101       0x1e c:/users/umokashi/.platformio/packages/toolchain-gccarmnoneeabi/bin/../lib/gcc/arm-none-eabi/7.2.1/thumb/v7e-m/crtn.o
OUTPUT(.pio\build\disco_f429zi\firmware.elf elf32-littlearm)

.comment        0x00000000       0x7e
 .comment       0x00000000       0x7e .pio\build\disco_f429zi\src\main.o
                                 0x7f (size before relaxing)
 .comment       0x0000007e       0x7f .pio\build\disco_f429zi\libFrameworkCMSISDevice.a(system_stm32f4xx.o)

.debug_frame    0x00000000       0x2c
 .debug_frame   0x00000000       0x2c c:/users/umokashi/.platformio/packages/toolchain-gccarmnoneeabi/bin/../lib/gcc/arm-none-eabi/7.2.1/../../../../arm-none-eabi/lib/thumb/v7e-m\libc_nano.a(lib_a-init.o)
